// Jest Snapshot v1, https://goo.gl/fbAQLP

exports[`renders Card component without crashing 1`] = `ShallowWrapper {}`;
