// Jest Snapshot v1, https://goo.gl/fbAQLP

exports[`renders NotFound component without crashing 1`] = `ShallowWrapper {}`;
