// Jest Snapshot v1, https://goo.gl/fbAQLP

exports[`renders SideNav component without crashing 1`] = `ShallowWrapper {}`;
