// Jest Snapshot v1, https://goo.gl/fbAQLP

exports[`renders Table component without crashing 1`] = `ShallowWrapper {}`;
